Danh sach lap trinh vien:
MSNVLT01
Nguyen Van An
0901234561
annv@hoancau.com
14000000.000
10.000

MSNVLT02
Tran Thi Binh
0901234562
binhtt@hoancau.com
16000000.000
0.000

MSNVLT03
Le Van Cuong
0901234563
cuonglv@hoancau.com
22000000.000
15.000

MSNVLT04
Pham Minh Danh
0901234564
danhpm@hoancau.com
18000000.000
5.000

MSNVLT05
Hoang Ngoan Em
0901234565
emhn@hoancau.com
11000000.000
30.000

MSNVLT06
Vu Hoang Tuan
0901234566
tuanvh@hoancau.com
26000000.000
12.000

MSNVLT07
Doan Van Giang
0901234567
giangdv@hoancau.com
13500000.000
20.000

MSNVLT08
Tang Thanh Ha
0901234568
hatt@hoancau.com
15500000.000
8.000

MSNVLT09
Quach Gia Phuc
0901234569
phucqg@hoancau.com
21000000.000
0.000

MSNVLT10
Bui Minh Quan
0901234570
quanbm@hoancau.com
12500000.000
25.000

Danh sach kiem chung vien:
MSNVKC01
Dinh Lan Khue
0901234571
khuedl@hoancau.com
10000000.000
40

MSNVKC02
Lam Thanh Loc
0901234572
loclt@hoancau.com
9500000.000
15

MSNVKC03
Ngo Quang Minh
0901234573
minhnq@hoancau.com
12000000.000
60

MSNVKC04
Ly Nhut Nam
0901234574
namln@hoancau.com
8500000.000
0

> Danh sach nhan vien co muc luong thap hon muc luong TB:
Muc luong trung binh: 17160714.286
MSNVLT01
Nguyen Van An
0901234561
annv@hoancau.com
14000000.000
10.000

MSNVLT02
Tran Thi Binh
0901234562
binhtt@hoancau.com
16000000.000
0.000

MSNVLT05
Hoang Ngoan Em
0901234565
emhn@hoancau.com
11000000.000
30.000

MSNVLT08
Tang Thanh Ha
0901234568
hatt@hoancau.com
15500000.000
8.000

MSNVKC01
Dinh Lan Khue
0901234571
khuedl@hoancau.com
10000000.000
40

MSNVKC02
Lam Thanh Loc
0901234572
loclt@hoancau.com
9500000.000
15

MSNVKC03
Ngo Quang Minh
0901234573
minhnq@hoancau.com
12000000.000
60

MSNVKC04
Ly Nhut Nam
0901234574
namln@hoancau.com
8500000.000
0

> Thong tin nhan vien co luong cao nhat:
MSNVLT06
Vu Hoang Tuan
0901234566
tuanvh@hoancau.com
26000000.000
12.000
> Thong tin nhan vien co luong thap nhat:
MSNVKC04
Ly Nhut Nam
0901234574
namln@hoancau.com
8500000.000
0
> Thong tin lap trinh vien co luong cao nhat:
MSNVLT06
Vu Hoang Tuan
0901234566
tuanvh@hoancau.com
26000000.000
12.000
> Thong tin kiem chung vien co luong thap nhat:
MSNVKC04
Ly Nhut Nam
0901234574
namln@hoancau.com
8500000.000
0
