Danh sach lap trinh vien:
MSNVLT01
Nguyen Van An
0901234567
annv@hoancau.com
15000000.000
10.000

MSNVLT02
Tran Thi Binh
0912345678
binhtt@hoancau.com
25000000.000
0.000

MSNVLT03
Le Van Cuong
0923456789
cuonglv@hoancau.com
18000000.000
25.000

Danh sach kiem chung vien:
MSNVKC01
Pham Minh Danh
0934567890
danhpm@hoancau.com
10000000.000
30

MSNVKC02
Hoang Ngoan Em
0945678901
emhn@hoancau.com
8000000.000
15

> Danh sach nhan vien co muc luong thap hon muc luong TB:
Muc luong trung binh: 17050000.000
MSNVLT01
Nguyen Van An
0901234567
annv@hoancau.com
15000000.000
10.000

MSNVKC01
Pham Minh Danh
0934567890
danhpm@hoancau.com
10000000.000
30

MSNVKC02
Hoang Ngoan Em
0945678901
emhn@hoancau.com
8000000.000
15

> Thong tin nhan vien co luong cao nhat:
MSNVLT02
Tran Thi Binh
0912345678
binhtt@hoancau.com
25000000.000
0.000
> Thong tin nhan vien co luong thap nhat:
MSNVKC02
Hoang Ngoan Em
0945678901
emhn@hoancau.com
8000000.000
15
> Thong tin lap trinh vien co luong cao nhat:
MSNVLT02
Tran Thi Binh
0912345678
binhtt@hoancau.com
25000000.000
0.000
> Thong tin kiem chung vien co luong thap nhat:
MSNVKC02
Hoang Ngoan Em
0945678901
emhn@hoancau.com
8000000.000
15
