Danh sach lap trinh vien:
MSNVLT01
Le Gia Huy
0901234567
huylg@hoancau.com
15000000.000
15.000

MSNVLT02
Nguyen Van An
0912345678
annv@hoancau.com
25000000.000
5.000

Danh sach kiem chung vien:
MSNVKC01
Tran Thi Binh
0923456789
binhtt@hoancau.com
12000000.000
40

MSNVKC02
Pham Minh Danh
0934567890
danhpm@hoancau.com
9000000.000
10

> Danh sach nhan vien co muc luong thap hon muc luong TB:
Muc luong trung binh: 16875000.000
MSNVKC01
Tran Thi Binh
0923456789
binhtt@hoancau.com
12000000.000
40

MSNVKC02
Pham Minh Danh
0934567890
danhpm@hoancau.com
9000000.000
10

> Thong tin nhan vien co luong cao nhat:
MSNVLT02
Nguyen Van An
0912345678
annv@hoancau.com
25000000.000
5.000
> Thong tin nhan vien co luong thap nhat:
MSNVKC02
Pham Minh Danh
0934567890
danhpm@hoancau.com
9000000.000
10
> Thong tin lap trinh vien co luong cao nhat:
MSNVLT02
Nguyen Van An
0912345678
annv@hoancau.com
25000000.000
5.000
> Thong tin kiem chung vien co luong thap nhat:
MSNVKC02
Pham Minh Danh
0934567890
danhpm@hoancau.com
9000000.000
10
