Danh sach lap trinh vien:
MSNVLT01
Phan Huynh Phuc
0902111222
phuclh@hoancau.com
15000000.000
20.000

MSNVLT02
Duong Tri Phat
0902111333
phatdt@hoancau.com
20000000.000
10.000

MSNVLT03
Trinh My Quyen
0902111444
quyentm@hoancau.com
13000000.000
0.000

Danh sach kiem chung vien:
MSNVKC01
Mai Thao Vy
0902111555
vymt@hoancau.com
9000000.000
30

MSNVKC02
Cao Xuan Son
0902111666
soncx@hoancau.com
11500000.000
12

MSNVKC03
Tieu Chien Thang
0902111777
thangtc@hoancau.com
10000000.000
45

MSNVKC04
Hua Ngoc Uyen
0902111888
uyenhn@hoancau.com
8800000.000
20

MSNVKC05
Diep Dai Vinh
0902111999
vinhdd@hoancau.com
12000000.000
5

MSNVKC06
Kieu Minh Vu
0902111001
vukm@hoancau.com
13000000.000
50

MSNVKC07
Ta Quang Xuan
0902111002
xuantq@hoancau.com
9500000.000
18

MSNVKC08
Nghiem Ba Yen
0902111003
yennb@hoancau.com
11000000.000
25

MSNVKC09
Le Hoang An
0902111004
anlh@hoancau.com
14000000.000
0

MSNVKC10
Pham Thanh Binh
0902111005
binhpt@hoancau.com
9000000.000
60

MSNVKC11
Nguyen Duc Cuong
0902111006
cuongnd@hoancau.com
12500000.000
35

> Danh sach nhan vien co muc luong thap hon muc luong TB:
Muc luong trung binh: 13521428.571
MSNVLT03
Trinh My Quyen
0902111444
quyentm@hoancau.com
13000000.000
0.000

MSNVKC01
Mai Thao Vy
0902111555
vymt@hoancau.com
9000000.000
30

MSNVKC02
Cao Xuan Son
0902111666
soncx@hoancau.com
11500000.000
12

MSNVKC03
Tieu Chien Thang
0902111777
thangtc@hoancau.com
10000000.000
45

MSNVKC04
Hua Ngoc Uyen
0902111888
uyenhn@hoancau.com
8800000.000
20

MSNVKC05
Diep Dai Vinh
0902111999
vinhdd@hoancau.com
12000000.000
5

MSNVKC07
Ta Quang Xuan
0902111002
xuantq@hoancau.com
9500000.000
18

MSNVKC08
Nghiem Ba Yen
0902111003
yennb@hoancau.com
11000000.000
25

MSNVKC10
Pham Thanh Binh
0902111005
binhpt@hoancau.com
9000000.000
60

> Thong tin nhan vien co luong cao nhat:
MSNVLT02
Duong Tri Phat
0902111333
phatdt@hoancau.com
20000000.000
10.000
> Thong tin nhan vien co luong thap nhat:
MSNVKC04
Hua Ngoc Uyen
0902111888
uyenhn@hoancau.com
8800000.000
20
> Thong tin lap trinh vien co luong cao nhat:
MSNVLT02
Duong Tri Phat
0902111333
phatdt@hoancau.com
20000000.000
10.000
> Thong tin kiem chung vien co luong thap nhat:
MSNVKC04
Hua Ngoc Uyen
0902111888
uyenhn@hoancau.com
8800000.000
20
