Danh sach lap trinh vien:
MSNVLT01
Do Minh Dat
0903999111
datdm@hoancau.com
14000000.000
10.000

MSNVLT02
Vu Ngoc Giang
0903999222
giangvn@hoancau.com
16500000.000
15.000

MSNVLT03
Hoang Thuy Ha
0903999333
haht@hoancau.com
12000000.000
5.000

MSNVLT04
Bui Quang Hieu
0903999444
hieubq@hoancau.com
20000000.000
0.000

MSNVLT05
Trinh Cong Hoan
0903999555
hoantc@hoancau.com
15000000.000
20.000

MSNVLT06
Luong Gia Huy
0903999666
huylg@hoancau.com
13000000.000
8.000

Danh sach kiem chung vien:
MSNVKC01
Phan Minh Khanh
0903999777
khanhpm@hoancau.com
23000000.000
80

MSNVKC02
Ngo Hoang Long
0903999888
longnh@hoancau.com
11000000.000
30

MSNVKC03
Vo Thi My
0903999999
myvt@hoancau.com
9500000.000
10

MSNVKC04
Dang Hoang Nam
0903999000
namdh@hoancau.com
12500000.000
40

> Danh sach nhan vien co muc luong thap hon muc luong TB:
Muc luong trung binh: 16610000.000
MSNVLT01
Do Minh Dat
0903999111
datdm@hoancau.com
14000000.000
10.000

MSNVLT03
Hoang Thuy Ha
0903999333
haht@hoancau.com
12000000.000
5.000

MSNVLT06
Luong Gia Huy
0903999666
huylg@hoancau.com
13000000.000
8.000

MSNVKC02
Ngo Hoang Long
0903999888
longnh@hoancau.com
11000000.000
30

MSNVKC03
Vo Thi My
0903999999
myvt@hoancau.com
9500000.000
10

MSNVKC04
Dang Hoang Nam
0903999000
namdh@hoancau.com
12500000.000
40

> Thong tin nhan vien co luong cao nhat:
MSNVKC01
Phan Minh Khanh
0903999777
khanhpm@hoancau.com
23000000.000
80
> Thong tin nhan vien co luong thap nhat:
MSNVKC03
Vo Thi My
0903999999
myvt@hoancau.com
9500000.000
10
> Thong tin lap trinh vien co luong cao nhat:
MSNVLT04
Bui Quang Hieu
0903999444
hieubq@hoancau.com
20000000.000
0.000
> Thong tin kiem chung vien co luong thap nhat:
MSNVKC03
Vo Thi My
0903999999
myvt@hoancau.com
9500000.000
10
