25 25
> Danh sach nhan vien san xuat:
Nguyen Van An
21-5-2004
4500000.00
120.00
540000000.00

Tran Binh Minh
10-12-2003
5000000.00
80.00
400000000.00

Le Quoc Huy
19-3-1999
6000000.00
150.00
900000000.00

Pham Duc Thang
07-7-2001
4700000.00
95.00
446500000.00

Hoang Minh Quan
12-11-2000
5200000.00
110.00
572000000.00

Do Thanh Dat
03-4-1998
6500000.00
200.00
1300000000.00

Bui Quang Huy
25-9-2002
4800000.00
76.00
364800000.00

Vo Hoang Nam
14-2-2004
4300000.00
132.00
567600000.00

Dang Gia Bao
30-6-2003
5100000.00
89.00
453900000.00

Mai Tuan Kiet
01-1-1997
7000000.00
250.00
1750000000.00

Cao Minh Tri
17-8-2001
5600000.00
143.00
800800000.00

Phan Quoc Viet
09-10-2002
4900000.00
101.00
494900000.00

Ly Thanh Phong
22-12-1999
6200000.00
180.00
1116000000.00

Truong Van Khoa
05-5-2000
5500000.00
115.00
632500000.00

Lam Duc Anh
18-6-2004
4400000.00
67.00
294800000.00

Huynh Nhat Minh
29-3-2001
5800000.00
154.00
893200000.00

Ngo Bao Long
11-7-2003
4600000.00
92.00
423200000.00

Dinh Tien Dat
04-9-2002
5300000.00
125.00
662500000.00

To Minh Duc
16-1-1998
6600000.00
210.00
1386000000.00

Khuong Anh Tuan
20-4-1999
6100000.00
175.00
1067500000.00

Luong Hai Dang
08-8-2000
5700000.00
138.00
786600000.00

Vu Trong Nghia
27-2-2001
5400000.00
119.00
642600000.00

Chau Quang Vinh
13-10-2003
5000000.00
106.00
530000000.00

Ta Hoang Phuc
24-11-2004
4500000.00
73.00
328500000.00

Ha Gia Khanh
06-12-1997
7200000.00
260.00
1872000000.00

> Danh sach nhan vien van phong:
Pham Ngoc Lan
02-8-2002
26
2600000.00

Hoang Anh Khoa
30-1-2001
22
2200000.00

Nguyen Thi Mai
15-3-2000
24
2400000.00

Tran Thu Ha
06-6-2003
20
2000000.00

Le Minh Chau
19-9-2002
25
2500000.00

Do Quynh Anh
28-12-2001
21
2100000.00

Bui Khanh Linh
07-4-1999
23
2300000.00

Vo Bao Ngoc
12-5-2004
19
1900000.00

Dang Hoai Nam
26-7-2000
27
2700000.00

Mai Thanh Lam
01-10-2003
18
1800000.00

Cao Thuy Duong
09-2-2001
26
2600000.00

Phan Nhu Y
17-11-2002
22
2200000.00

Ly Thanh Tam
23-3-1998
24
2400000.00

Truong My Hanh
04-4-2000
20
2000000.00

Lam Gia Han
13-6-2004
25
2500000.00

Huynh Kim Chi
29-8-2001
21
2100000.00

Ngo Thu Trang
11-1-2003
23
2300000.00

Dinh Minh Thu
16-5-2002
19
1900000.00

To Hoang Yen
22-9-1999
27
2700000.00

Khuong Anh Thu
05-12-2000
18
1800000.00

Luong Bao Tran
08-7-2001
26
2600000.00

Vu Nhat Vy
20-10-2003
22
2200000.00

Chau Ngoc Diep
03-2-2004
24
2400000.00

Ta My Linh
25-11-2002
20
2000000.00

Ha Phuong Nhi
14-12-1997
28
2800000.00

> Tong luong cong ty phai tra: 19282900000.00
> Nhan vien san xuat co luong thap nhat:
Lam Duc Anh
18-6-2004
4400000.00
67.00
294800000.00
> Nhan vien van phong co tuoi cao nhat:
Ha Phuong Nhi
14-12-1997
28
2800000.00
