3 2
> Danh sach nhan vien san xuat:
Tang Thanh Ha
11-11-1996
4000000.00
50.00
200000000.00

Quach Gia Phuc
02-4-1994
4000000.00
50.00
200000000.00

Bui Minh Quan
25-9-1991
6000000.00
100.00
600000000.00

> Danh sach nhan vien van phong:
Dinh Lan Khue
08-2-1988
20
2000000.00

Lam Thanh Loc
08-2-1988
25
2500000.00

> Tong luong cong ty phai tra: 1004500000.00
> Nhan vien san xuat co luong thap nhat:
Tang Thanh Ha
11-11-1996
4000000.00
50.00
200000000.00
> Nhan vien van phong co tuoi cao nhat:
Dinh Lan Khue
08-2-1988
20
2000000.00
