> Tong giao dich Dat: 1
> Tong giao dich nha pho: 1
> Tong giao dich can ho chung cu: 3
> Trung binh thanh tien cua giao dich Can ho chung cu: 1700000000.000
> Giao dich Nha pho co gia tri cao nhat:
GDNP01
05-12-2024
40000000.000
100.000
4000000000.000
cao cap
789 Dien Bien Phu Binh Thanh
> Cac giao dich trong thang 12 nam 2024:
GDNP01
05-12-2024
40000000.000
100.000
4000000000.000
cao cap
789 Dien Bien Phu Binh Thanh

GDCH01
20-12-2024
30000000.000
50.000
1500000000.000
CHC05
5

GDCH02
21-12-2024
30000000.000
50.000
1800000000.000
CHC15
15

GDCH03
22-12-2024
30000000.000
50.000
1800000000.000
CHC20
20

