> Tong giao dich Dat: 2
> Tong giao dich nha pho: 2
> Tong giao dich can ho chung cu: 2
> Trung binh thanh tien cua giao dich Can ho chung cu: 3975000000.000
> Giao dich Nha pho co gia tri cao nhat:
GDNP01
20-6-2024
50000000.000
80.000
4000000000.000
cao cap
123 Nguyen Du Quan 1
> Cac giao dich trong thang 12 nam 2024:
GDDAT02
12-12-2024
15000000.000
120.000
1800000000.000
B

GDNP02
25-12-2024
30000000.000
90.000
2430000000.000
thuong
456 Le Loi Quan 3

GDCH01
01-12-2024
40000000.000
60.000
4800000000.000
CHA01
1

GDCH02
18-12-2024
35000000.000
75.000
3150000000.000
CHB15
16

