> Tong giao dich Dat: 25
> Tong giao dich nha pho: 25
> Tong giao dich can ho chung cu: 25
> Trung binh thanh tien cua giao dich Can ho chung cu: 3269476000.000
> Giao dich Nha pho co gia tri cao nhat:
GDNP17
20-12-2024
65000000.000
120.000
7800000000.000
cao cap
26 Le Duan, Q1
> Cac giao dich trong thang 12 nam 2024:
GDDAT02
12-12-2024
15000000.000
120.000
1800000000.000
B

GDDAT07
19-12-2024
16000000.000
150.000
3600000000.000
A

GDDAT12
17-12-2024
17500000.000
115.000
2012500000.000
C

GDDAT17
28-12-2024
14500000.000
105.000
1522500000.000
B

GDDAT22
31-12-2024
13500000.000
145.000
2936250000.000
A

GDNP02
25-12-2024
30000000.000
90.000
2430000000.000
thuong
456 Le Loi, Q3

GDNP07
12-12-2024
55000000.000
95.000
5225000000.000
cao cap
88 Dong Khoi, Q1

GDNP12
02-12-2024
27000000.000
78.000
1895400000.000
thuong
43 Nguyen Trai, Q5

GDNP17
20-12-2024
65000000.000
120.000
7800000000.000
cao cap
26 Le Duan, Q1

GDNP22
15-12-2024
29000000.000
82.000
2140200000.000
thuong
601 CMT8, Tan Binh

GDCH01
01-12-2024
40000000.000
60.000
4800000000.000
CHA01
1

GDCH02
18-12-2024
35000000.000
75.000
3150000000.000
CHB15
16

GDCH07
05-12-2024
38000000.000
70.000
2660000000.000
CHG08
8

GDCH12
24-12-2024
37000000.000
66.000
2442000000.000
CHL10
10

GDCH17
16-12-2024
39500000.000
74.000
3507600000.000
CHQ17
17

GDCH22
30-12-2024
36500000.000
63.000
2759400000.000
CHV15
15

