> Danh sach sinh vien cao dang:
SVCD01
Nguyen Van A
23 Ly Thuong Kiet Quan 10
125
7.5
6


SVCD02
Tran Thi B
56 CMT8 Quan 3
115
4.8
4.5


SVCD03
Le Van C
89 Dien Bien Phu Binh Thanh
130
8.2
7.5


SVCD04
Pham Minh D
2 Hoang Dieu Thu Duc
120
5
5


SVCD05
Hoang Ngoan E
9 Nguyen Hue Quan 1
118
6.5
3.5


SVCD06
Vu Hoang F
3 Phan Dang Luu Phu Nhuan
140
9
8.5


SVCD07
Doan Van G
52 Cao Thang Quan 3
110
5.5
6


SVCD08
Tang Thanh H
8 Dong Khoi Quan 1
122
4.2
5.5


SVCD09
Quach Gia I
05 Nguyen Tri Phuong Quan 10
135
7.8
8


SVCD10
Bui Minh J
4 Le Hong Phong Quan 5
121
6
4.9


SVCD11
Dinh Lan K
1 Hai Ba Trung Quan 3
120
5.2
5.1


SVCD12
Lam Thanh L
4 Thao Dien Quan 2
119
7
7


SVCD13
Ngo Quang M
9 Cong Hoa Tan Binh
128
8.5
9


SVCD14
Ly Nhut N
1 Ba Thang Hai Quan 10
124
5.9
5.5


SVCD15
Phan Huynh O
A Nguyen Binh Khiem Quan 1
115
3.5
4


SVCD16
Duong Tri P
0 Dinh Tien Hoang Binh Thanh
123
6.7
6.2


SVCD17
Trinh My Q
01 CMT8 Tan Binh
132
7.1
7.5


SVCD18
Mai Thao R
3 Nam Ky Khoi Nghia Quan 1
120
4.9
6.8


SVCD19
Cao Xuan S
94 Vo Van Tan Quan 3
127
8
5


SVCD20
Tieu Chien T
2 Le Thanh Ton Quan 1
110
7.2
8


SVCD21
Hua Ngoc U
5 Nguyen Huu Canh Binh Thanh
121
5.5
5.3


SVCD22
Diep Dai V
46 Hoang Van Thu Phu Nhuan
130
6.4
4


SVCD23
Kieu Minh W
7 Nguyen Van Troi Phu Nhuan
125
8.9
9.2


SVCD24
Ta Quang X
4 Nguyen Trai Quan 5
116
5.1
5


SVCD25
Nghiem Ba Y
02 Tran Hung Dao Quan 5
133
7.4
7


> Danh sach sinh vien dai hoc:
SVDH01
Nguyen Van An
23 Ly Thuong Kiet Quan 10
175
7.5
Luan van nghien cuu AI
8


SVDH02
Tran Thi Binh
56 CMT8 Quan 3
165
6.8
Luan van Xay dung Website
7.5


SVDH03
Le Van Cuong
89 Dien Bien Phu Binh Thanh
180
8.5
Luan van phan tich du lieu Big Data
9


SVDH04
Pham Minh Danh
2 Hoang Dieu Thu Duc
170
5.2
Luan van phat trien Game
5


SVDH05
Hoang Ngoan Em
9 Nguyen Hue Quan 1
172
4.5
Luan van Ung dung Blockchain
6


SVDH06
Vu Hoang Tuan
3 Phan Dang Luu Phu Nhuan
190
9.5
Luan van Thiet ke chip ban dan
9.8


SVDH07
Doan Van Giang
52 Cao Thang Quan 3
168
5.8
Luan van He thong Thong tin
5.5


SVDH08
Tang Thanh Ha
8 Dong Khoi Quan 1
173
7
Luan van xu ly ngon ngu tu nhien
4.5


SVDH09
Quach Gia Phuc
05 Nguyen Tri Phuong Quan 10
185
8.2
Luan van Mang may tinh nang cao
8.5


SVDH10
Bui Minh Quan
4 Le Hong Phong Quan 5
170
6.1
Luan van An ninh mang kieu moi
4.9


SVDH11
Dinh Lan Khue
1 Hai Ba Trung Quan 3
171
5.4
Luan van Thuong mai dien tu
5.2


SVDH12
Lam Thanh Loc
4 Thao Dien Quan 2
169
7.2
Luan van Quan ly khach san
7


SVDH13
Ngo Quang Minh
9 Cong Hoa Tan Binh
182
8.8
Luan van Toi uu hoa thuat toan
9.2


SVDH14
Ly Nhut Nam
1 Ba Thang Hai Quan 10
174
5.9
Luan van App di dong Flutter
5.6


SVDH15
Phan Huynh Phuc
A Nguyen Binh Khiem Quan 1
160
4
Luan van Chuyen doi so doanh nghiep
4


SVDH16
Duong Tri Phat
0 Dinh Tien Hoang Binh Thanh
176
6.9
Luan van Cloud Computing AWS
7.1


SVDH17
Trinh My Quyen
01 CMT8 Tan Binh
188
7.4
Luan van IoT cho nong nghiep
8


SVDH18
Mai Thao Vy
3 Nam Ky Khoi Nghia Quan 1
170
4.8
Luan van microservices architecture
6.5


SVDH19
Cao Xuan Son
94 Vo Van Tan Quan 3
179
8.1
Luan van deep learning trong y te
5


SVDH20
Tieu Chien Thang
2 Le Thanh Ton Quan 1
165
7.3
Luan van quan ly chuoi cung ung
8.2


SVDH21
Hua Ngoc Uyen
5 Nguyen Huu Canh Binh Thanh
172
5.6
Luan van phan mem giat la online
5.5


SVDH22
Diep Dai Vinh
46 Hoang Van Thu Phu Nhuan
181
6.3
Luan van e learning platform
4.5


SVDH23
Kieu Minh Vu
7 Nguyen Van Troi Phu Nhuan
186
9.2
Luan van computer vision nang cao
9.5


SVDH24
Ta Quang Xuan
4 Nguyen Trai Quan 5
167
5.3
Luan van web tu dien truc tuyen
5.1


SVDH25
Nghiem Ba Yen
02 Tran Hung Dao Quan 5
184
7.6
Luan van he thong ERP doanh nghiep
7.5


> Danh sach sinh vien du dieu kien tot nghiep:
SVCD01
Nguyen Van A
23 Ly Thuong Kiet Quan 10
125
7.5
6
SVCD03
Le Van C
89 Dien Bien Phu Binh Thanh
130
8.2
7.5
SVCD04
Pham Minh D
2 Hoang Dieu Thu Duc
120
5
5
SVCD06
Vu Hoang F
3 Phan Dang Luu Phu Nhuan
140
9
8.5
SVCD09
Quach Gia I
05 Nguyen Tri Phuong Quan 10
135
7.8
8
SVCD11
Dinh Lan K
1 Hai Ba Trung Quan 3
120
5.2
5.1
SVCD13
Ngo Quang M
9 Cong Hoa Tan Binh
128
8.5
9
SVCD14
Ly Nhut N
1 Ba Thang Hai Quan 10
124
5.9
5.5
SVCD16
Duong Tri P
0 Dinh Tien Hoang Binh Thanh
123
6.7
6.2
SVCD17
Trinh My Q
01 CMT8 Tan Binh
132
7.1
7.5
SVCD19
Cao Xuan S
94 Vo Van Tan Quan 3
127
8
5
SVCD21
Hua Ngoc U
5 Nguyen Huu Canh Binh Thanh
121
5.5
5.3
SVCD23
Kieu Minh W
7 Nguyen Van Troi Phu Nhuan
125
8.9
9.2
SVCD25
Nghiem Ba Y
02 Tran Hung Dao Quan 5
133
7.4
7
SVDH01
Nguyen Van An
23 Ly Thuong Kiet Quan 10
175
7.5
Luan van nghien cuu AI
8
SVDH02
Tran Thi Binh
56 CMT8 Quan 3
165
6.8
Luan van Xay dung Website
7.5
SVDH03
Le Van Cuong
89 Dien Bien Phu Binh Thanh
180
8.5
Luan van phan tich du lieu Big Data
9
SVDH04
Pham Minh Danh
2 Hoang Dieu Thu Duc
170
5.2
Luan van phat trien Game
5
SVDH06
Vu Hoang Tuan
3 Phan Dang Luu Phu Nhuan
190
9.5
Luan van Thiet ke chip ban dan
9.8
SVDH07
Doan Van Giang
52 Cao Thang Quan 3
168
5.8
Luan van He thong Thong tin
5.5
SVDH09
Quach Gia Phuc
05 Nguyen Tri Phuong Quan 10
185
8.2
Luan van Mang may tinh nang cao
8.5
SVDH11
Dinh Lan Khue
1 Hai Ba Trung Quan 3
171
5.4
Luan van Thuong mai dien tu
5.2
SVDH12
Lam Thanh Loc
4 Thao Dien Quan 2
169
7.2
Luan van Quan ly khach san
7
SVDH13
Ngo Quang Minh
9 Cong Hoa Tan Binh
182
8.8
Luan van Toi uu hoa thuat toan
9.2
SVDH14
Ly Nhut Nam
1 Ba Thang Hai Quan 10
174
5.9
Luan van App di dong Flutter
5.6
SVDH16
Duong Tri Phat
0 Dinh Tien Hoang Binh Thanh
176
6.9
Luan van Cloud Computing AWS
7.1
SVDH17
Trinh My Quyen
01 CMT8 Tan Binh
188
7.4
Luan van IoT cho nong nghiep
8
SVDH19
Cao Xuan Son
94 Vo Van Tan Quan 3
179
8.1
Luan van deep learning trong y te
5
SVDH20
Tieu Chien Thang
2 Le Thanh Ton Quan 1
165
7.3
Luan van quan ly chuoi cung ung
8.2
SVDH21
Hua Ngoc Uyen
5 Nguyen Huu Canh Binh Thanh
172
5.6
Luan van phan mem giat la online
5.5
SVDH23
Kieu Minh Vu
7 Nguyen Van Troi Phu Nhuan
186
9.2
Luan van computer vision nang cao
9.5
SVDH24
Ta Quang Xuan
4 Nguyen Trai Quan 5
167
5.3
Luan van web tu dien truc tuyen
5.1
SVDH25
Nghiem Ba Yen
02 Tran Hung Dao Quan 5
184
7.6
Luan van he thong ERP doanh nghiep
7.5
> Danh sach sinh vien khong du dieu kien tot nghiep:
SVCD02
Tran Thi B
56 CMT8 Quan 3
115
4.8
4.5
SVCD05
Hoang Ngoan E
9 Nguyen Hue Quan 1
118
6.5
3.5
SVCD07
Doan Van G
52 Cao Thang Quan 3
110
5.5
6
SVCD08
Tang Thanh H
8 Dong Khoi Quan 1
122
4.2
5.5
SVCD10
Bui Minh J
4 Le Hong Phong Quan 5
121
6
4.9
SVCD12
Lam Thanh L
4 Thao Dien Quan 2
119
7
7
SVCD15
Phan Huynh O
A Nguyen Binh Khiem Quan 1
115
3.5
4
SVCD18
Mai Thao R
3 Nam Ky Khoi Nghia Quan 1
120
4.9
6.8
SVCD20
Tieu Chien T
2 Le Thanh Ton Quan 1
110
7.2
8
SVCD22
Diep Dai V
46 Hoang Van Thu Phu Nhuan
130
6.4
4
SVCD24
Ta Quang X
4 Nguyen Trai Quan 5
116
5.1
5
SVDH05
Hoang Ngoan Em
9 Nguyen Hue Quan 1
172
4.5
Luan van Ung dung Blockchain
6
SVDH08
Tang Thanh Ha
8 Dong Khoi Quan 1
173
7
Luan van xu ly ngon ngu tu nhien
4.5
SVDH10
Bui Minh Quan
4 Le Hong Phong Quan 5
170
6.1
Luan van An ninh mang kieu moi
4.9
SVDH15
Phan Huynh Phuc
A Nguyen Binh Khiem Quan 1
160
4
Luan van Chuyen doi so doanh nghiep
4
SVDH18
Mai Thao Vy
3 Nam Ky Khoi Nghia Quan 1
170
4.8
Luan van microservices architecture
6.5
SVDH22
Diep Dai Vinh
46 Hoang Van Thu Phu Nhuan
181
6.3
Luan van e learning platform
4.5
> Sinh vien DH co diem TB cao nhat:
SVDH06
Vu Hoang Tuan
3 Phan Dang Luu Phu Nhuan
190
9.5
Luan van Thiet ke chip ban dan
9.8
> Sinh vien CD co diem TB cao nhat:
SVCD06
Vu Hoang F
3 Phan Dang Luu Phu Nhuan
140
9
8.5
> So sinh vien CD khong du dieu kien tot nghiep: 11
> So sinh vien DH khong du dieu kien tot nghiep: 6
